program exited due to SIGINT
program exited due to SIGINT
program exited due to SIGINT
